// Jest Snapshot v1, https://goo.gl/fbAQLP

exports[`SignIn component should render correctly 1`] = `
<div>
  <div
    class="visually-hidden"
  >
    <img
      src="src/images/controllersImage.svg"
    />
  </div>
  <div
    class="user-page"
  >
    <header
      class="page-header user-page__head"
    >
      <div
        class="logo"
      >
        <a
          class="logo__link"
          href="/"
        >
          <span
            class="logo__letter logo__letter--1"
          >
            W
          </span>
          <span
            class="logo__letter logo__letter--2"
          >
            T
          </span>
          <span
            class="logo__letter logo__letter--3"
          >
            W
          </span>
        </a>
      </div>
      <div
        class="user-block"
      >
        <a
          class="user-block__link"
          href="/login"
        >
          Sign in
        </a>
      </div>
    </header>
    <div
      class="sign-in user-page__content"
    >
      <form
        action=""
        class="sign-in__form"
        method="POST"
        novalidate=""
      >
        <div
          class="sign-in__fields"
        >
          <div
            class="sign-in__field"
          >
            <input
              class="sign-in__input"
              data-testid="email"
              id="email"
              name="email"
              placeholder="Email address"
              type="email"
              value=""
            />
            <label
              class="sign-in__label visually-hidden"
              for="email"
            >
              Email address
            </label>
          </div>
          <div
            class="sign-in__field"
          >
            <input
              class="sign-in__input"
              data-testid="password"
              id="password"
              minlength="6"
              name="password"
              placeholder="Password"
              type="password"
              value=""
            />
            <label
              class="sign-in__label visually-hidden"
              for="password"
            >
              Password
            </label>
          </div>
        </div>
        <div
          class="sign-in__submit"
        >
          <button
            class="sign-in__btn"
            disabled=""
            type="submit"
          >
            Sign in
          </button>
        </div>
      </form>
    </div>
    <footer
      class="page-footer"
    >
      <div
        class="logo"
      >
        <a
          class="logo__link logo__link--light"
          href="/"
        >
          <span
            class="logo__letter logo__letter--1"
          >
            W
          </span>
          <span
            class="logo__letter logo__letter--2"
          >
            T
          </span>
          <span
            class="logo__letter logo__letter--3"
          >
            W
          </span>
        </a>
      </div>
      <div
        class="copyright"
      >
        <p>
          Â© 2019 What to watch Ltd.
        </p>
      </div>
    </footer>
  </div>
</div>
`;
