// Jest Snapshot v1, https://goo.gl/fbAQLP

exports[`Details component should render correctly 1`] = `
<div>
  <div
    class="movie-card__text-col"
  >
    <p
      class="movie-card__details-item"
    >
      <strong
        class="movie-card__details-name"
      >
        Director
      </strong>
      <span
        class="movie-card__details-value"
      >
        Wes Anderson
      </span>
    </p>
    <p
      class="movie-card__details-item"
    >
      <strong
        class="movie-card__details-name"
      >
        Starring
      </strong>
      <span
        class="movie-card__details-value"
      >
        Bill Murray
        , 
        <br />
        Edward Norton
        , 
        <br />
        Jude Law
        , 
        <br />
        Willem Dafoe
        , 
        <br />
      </span>
    </p>
  </div>
  <div
    class="movie-card__text-col"
  >
    <p
      class="movie-card__details-item"
    >
      <strong
        class="movie-card__details-name"
      >
        Run Time
      </strong>
      <span
        class="movie-card__details-value"
      />
    </p>
    <p
      class="movie-card__details-item"
    >
      <strong
        class="movie-card__details-name"
      >
        Genre
      </strong>
      <span
        class="movie-card__details-value"
      >
        Drama
      </span>
    </p>
    <p
      class="movie-card__details-item"
    >
      <strong
        class="movie-card__details-name"
      >
        Released
      </strong>
      <span
        class="movie-card__details-value"
      >
        2014
      </span>
    </p>
  </div>
</div>
`;
